#-----------------------------------------------------------
# Vivado v2020.1 (64-bit)
# SW Build 2902540 on Wed May 27 19:54:49 MDT 2020
# IP Build 2902112 on Wed May 27 22:43:36 MDT 2020
# Start of session at: Sat Oct 31 14:11:16 2020
# Process ID: 21364
# Current directory: C:/Users/mcvle/Desktop/341-Lab-2/Lab 2/Lab 2
# Command line: vivado.exe -gui_launcher_event rodinguilauncherevent10720 C:\Users\mcvle\Desktop\341-Lab-2\Lab 2\Lab 2\Lab 2.xpr
# Log file: C:/Users/mcvle/Desktop/341-Lab-2/Lab 2/Lab 2/vivado.log
# Journal file: C:/Users/mcvle/Desktop/341-Lab-2/Lab 2/Lab 2\vivado.jou
#-----------------------------------------------------------
start_gui
open_project {C:/Users/mcvle/Desktop/341-Lab-2/Lab 2/Lab 2/Lab 2.xpr}
update_compile_order -fileset sources_1
launch_simulation
source RegFile.tcl
add_force {/RegFile/clk} -radix hex {1 0ns} {0 50000ps} -repeat_every 100000ps -cancel_after 1000ns
add_force {/RegFile/reset} -radix hex {1 0ns}
add_force {/RegFile/reset} -radix hex {1 0ns} -cancel_after 100ns
add_force {/RegFile/rg_wrt_en} -radix hex {0 0ns}
add_force {/RegFile/rg_wrt_addr} -radix bin {10010 0ns}
add_force {/RegFile/rg_wrt_data} -radix hex {0 0ns}
run all
run all
run all
run all
# Disabling source management mode.  This is to allow the top design properties to be set without GUI intervention.
set_property source_mgmt_mode None [current_project]
set_property top Instr_mem [get_filesets sim_1]
set_property top_lib xil_defaultlib [get_filesets sim_1]
# Re-enabling previously disabled source management mode.
set_property source_mgmt_mode All [current_project]
launch_simulation
close_sim
