#-----------------------------------------------------------
# Vivado v2020.1 (64-bit)
# SW Build 2902540 on Wed May 27 19:54:49 MDT 2020
# IP Build 2902112 on Wed May 27 22:43:36 MDT 2020
# Start of session at: Sat Oct 31 21:21:11 2020
# Process ID: 24932
# Current directory: C:/Users/mcvle/Desktop/341-Lab-2/Lab 2/Lab 2
# Command line: vivado.exe -gui_launcher_event rodinguilauncherevent20660 C:\Users\mcvle\Desktop\341-Lab-2\Lab 2\Lab 2\Lab 2.xpr
# Log file: C:/Users/mcvle/Desktop/341-Lab-2/Lab 2/Lab 2/vivado.log
# Journal file: C:/Users/mcvle/Desktop/341-Lab-2/Lab 2/Lab 2\vivado.jou
#-----------------------------------------------------------
start_gui
open_project {C:/Users/mcvle/Desktop/341-Lab-2/Lab 2/Lab 2/Lab 2.xpr}
update_compile_order -fileset sources_1
# Disabling source management mode.  This is to allow the top design properties to be set without GUI intervention.
set_property source_mgmt_mode None [current_project]
set_property top flipflop_tb [get_filesets sim_1]
set_property top_lib xil_defaultlib [get_filesets sim_1]
# Re-enabling previously disabled source management mode.
set_property source_mgmt_mode All [current_project]
update_compile_order -fileset sim_1
launch_simulation
source flipflop_tb.tcl
close_sim
launch_simulation
source flipflop_tb.tcl
close_sim
launch_simulation
source flipflop_tb.tcl
add_force {/flipflop_tb/d} -radix hex {38 0ns}
add_force {/flipflop_tb/d} -radix unsigned {38 0ns}
run all
close_sim
launch_simulation
source flipflop_tb.tcl
add_force {/flipflop_tb/d} -radix hex {1 0ns} -cancel_after 120ns
run 200 ns
add_force {/flipflop_tb/d} -radix hex {1 0ns} -cancel_after 120ns
run 200 ns
add_force {/flipflop_tb/q} -radix hex {0 0ns}
run 200 ns
run 200 ns
close_sim
launch_simulation
source flipflop_tb.tcl
add_force {/flipflop_tb/d} -radix hex {1 0ns} -cancel_after 120ns
add_force {/flipflop_tb/q} -radix hex {0 0ns}
run all
close_sim
launch_simulation
source flipflop_tb.tcl
close_sim
launch_simulation
source flipflop_tb.tcl
close_sim
launch_simulation
source flipflop_tb.tcl
close_sim
launch_simulation
source flipflop_tb.tcl
close_sim
launch_simulation
source flipflop_tb.tcl
close_sim
launch_simulation
source flipflop_tb.tcl
close_sim
launch_simulation
source flipflop_tb.tcl
close_sim
launch_simulation
source flipflop_tb.tcl
close_sim
launch_simulation
source flipflop_tb.tcl
close_sim
launch_simulation
source flipflop_tb.tcl
close_sim
launch_simulation
source flipflop_tb.tcl
close_sim
launch_simulation
source flipflop_tb.tcl
close_sim
launch_simulation
source flipflop_tb.tcl
close_sim
launch_simulation
source flipflop_tb.tcl
close_sim
launch_simulation
source flipflop_tb.tcl
close_sim
launch_simulation
source flipflop_tb.tcl
close_sim
launch_simulation
source flipflop_tb.tcl
close_sim
launch_simulation
source flipflop_tb.tcl
close_sim
launch_simulation
source flipflop_tb.tcl
